Archive member included to satisfy reference by file (symbol)

/home/dawid/st/stm32cubeide_1.15.1/plugins/com.st.stm32cube.ide.mcu.externaltools.gnu-tools-for-stm32.12.3.rel1.linux64_1.0.200.202406132123/tools/bin/../lib/gcc/arm-none-eabi/12.3.1/../../../../arm-none-eabi/lib/thumb/v7e-m+fp/hard/libc_nano.a(libc_a-exit.o)
                              /home/dawid/st/stm32cubeide_1.15.1/plugins/com.st.stm32cube.ide.mcu.externaltools.gnu-tools-for-stm32.12.3.rel1.linux64_1.0.200.202406132123/tools/bin/../lib/gcc/arm-none-eabi/12.3.1/../../../../arm-none-eabi/lib/thumb/v7e-m+fp/hard/crt0.o (exit)
/home/dawid/st/stm32cubeide_1.15.1/plugins/com.st.stm32cube.ide.mcu.externaltools.gnu-tools-for-stm32.12.3.rel1.linux64_1.0.200.202406132123/tools/bin/../lib/gcc/arm-none-eabi/12.3.1/../../../../arm-none-eabi/lib/thumb/v7e-m+fp/hard/libc_nano.a(libc_a-findfp.o)
                              /home/dawid/st/stm32cubeide_1.15.1/plugins/com.st.stm32cube.ide.mcu.externaltools.gnu-tools-for-stm32.12.3.rel1.linux64_1.0.200.202406132123/tools/bin/../lib/gcc/arm-none-eabi/12.3.1/../../../../arm-none-eabi/lib/thumb/v7e-m+fp/hard/libc_nano.a(libc_a-exit.o) (__stdio_exit_handler)
/home/dawid/st/stm32cubeide_1.15.1/plugins/com.st.stm32cube.ide.mcu.externaltools.gnu-tools-for-stm32.12.3.rel1.linux64_1.0.200.202406132123/tools/bin/../lib/gcc/arm-none-eabi/12.3.1/../../../../arm-none-eabi/lib/thumb/v7e-m+fp/hard/libc_nano.a(libc_a-fwalk.o)
                              /home/dawid/st/stm32cubeide_1.15.1/plugins/com.st.stm32cube.ide.mcu.externaltools.gnu-tools-for-stm32.12.3.rel1.linux64_1.0.200.202406132123/tools/bin/../lib/gcc/arm-none-eabi/12.3.1/../../../../arm-none-eabi/lib/thumb/v7e-m+fp/hard/libc_nano.a(libc_a-findfp.o) (_fwalk_sglue)
/home/dawid/st/stm32cubeide_1.15.1/plugins/com.st.stm32cube.ide.mcu.externaltools.gnu-tools-for-stm32.12.3.rel1.linux64_1.0.200.202406132123/tools/bin/../lib/gcc/arm-none-eabi/12.3.1/../../../../arm-none-eabi/lib/thumb/v7e-m+fp/hard/libc_nano.a(libc_a-stdio.o)
                              /home/dawid/st/stm32cubeide_1.15.1/plugins/com.st.stm32cube.ide.mcu.externaltools.gnu-tools-for-stm32.12.3.rel1.linux64_1.0.200.202406132123/tools/bin/../lib/gcc/arm-none-eabi/12.3.1/../../../../arm-none-eabi/lib/thumb/v7e-m+fp/hard/libc_nano.a(libc_a-findfp.o) (__sread)
/home/dawid/st/stm32cubeide_1.15.1/plugins/com.st.stm32cube.ide.mcu.externaltools.gnu-tools-for-stm32.12.3.rel1.linux64_1.0.200.202406132123/tools/bin/../lib/gcc/arm-none-eabi/12.3.1/../../../../arm-none-eabi/lib/thumb/v7e-m+fp/hard/libc_nano.a(libc_a-memset.o)
                              /home/dawid/st/stm32cubeide_1.15.1/plugins/com.st.stm32cube.ide.mcu.externaltools.gnu-tools-for-stm32.12.3.rel1.linux64_1.0.200.202406132123/tools/bin/../lib/gcc/arm-none-eabi/12.3.1/../../../../arm-none-eabi/lib/thumb/v7e-m+fp/hard/crt0.o (memset)
/home/dawid/st/stm32cubeide_1.15.1/plugins/com.st.stm32cube.ide.mcu.externaltools.gnu-tools-for-stm32.12.3.rel1.linux64_1.0.200.202406132123/tools/bin/../lib/gcc/arm-none-eabi/12.3.1/../../../../arm-none-eabi/lib/thumb/v7e-m+fp/hard/libc_nano.a(libc_a-closer.o)
                              /home/dawid/st/stm32cubeide_1.15.1/plugins/com.st.stm32cube.ide.mcu.externaltools.gnu-tools-for-stm32.12.3.rel1.linux64_1.0.200.202406132123/tools/bin/../lib/gcc/arm-none-eabi/12.3.1/../../../../arm-none-eabi/lib/thumb/v7e-m+fp/hard/libc_nano.a(libc_a-stdio.o) (_close_r)
/home/dawid/st/stm32cubeide_1.15.1/plugins/com.st.stm32cube.ide.mcu.externaltools.gnu-tools-for-stm32.12.3.rel1.linux64_1.0.200.202406132123/tools/bin/../lib/gcc/arm-none-eabi/12.3.1/../../../../arm-none-eabi/lib/thumb/v7e-m+fp/hard/libc_nano.a(libc_a-reent.o)
                              /home/dawid/st/stm32cubeide_1.15.1/plugins/com.st.stm32cube.ide.mcu.externaltools.gnu-tools-for-stm32.12.3.rel1.linux64_1.0.200.202406132123/tools/bin/../lib/gcc/arm-none-eabi/12.3.1/../../../../arm-none-eabi/lib/thumb/v7e-m+fp/hard/libc_nano.a(libc_a-closer.o) (errno)
/home/dawid/st/stm32cubeide_1.15.1/plugins/com.st.stm32cube.ide.mcu.externaltools.gnu-tools-for-stm32.12.3.rel1.linux64_1.0.200.202406132123/tools/bin/../lib/gcc/arm-none-eabi/12.3.1/../../../../arm-none-eabi/lib/thumb/v7e-m+fp/hard/libc_nano.a(libc_a-impure.o)
                              /home/dawid/st/stm32cubeide_1.15.1/plugins/com.st.stm32cube.ide.mcu.externaltools.gnu-tools-for-stm32.12.3.rel1.linux64_1.0.200.202406132123/tools/bin/../lib/gcc/arm-none-eabi/12.3.1/../../../../arm-none-eabi/lib/thumb/v7e-m+fp/hard/libc_nano.a(libc_a-reent.o) (_impure_ptr)
/home/dawid/st/stm32cubeide_1.15.1/plugins/com.st.stm32cube.ide.mcu.externaltools.gnu-tools-for-stm32.12.3.rel1.linux64_1.0.200.202406132123/tools/bin/../lib/gcc/arm-none-eabi/12.3.1/../../../../arm-none-eabi/lib/thumb/v7e-m+fp/hard/libc_nano.a(libc_a-lseekr.o)
[...]
Memory Configuration

Name             Origin             Length             Attributes
CCMSRAM          0x10000000         0x00008000         xrw
RAM              0x20000000         0x00020000         xrw
FLASH            0x08000000         0x00080000         xr
*default*        0x00000000         0xffffffff

Linker script and memory map

LOAD /home/dawid/st/stm32cubeide_1.15.1/plugins/com.st.stm32cube.ide.mcu.externaltools.gnu-tools-for-stm32.12.3.rel1.linux64_1.0.200.202406132123/tools/bin/../lib/gcc/arm-none-eabi/12.3.1/thumb/v7e-m+fp/hard/crti.o
LOAD /home/dawid/st/stm32cubeide_1.15.1/plugins/com.st.stm32cube.ide.mcu.externaltools.gnu-tools-for-stm32.12.3.rel1.linux64_1.0.200.202406132123/tools/bin/../lib/gcc/arm-none-eabi/12.3.1/thumb/v7e-m+fp/hard/crtbegin.o
LOAD /home/dawid/st/stm32cubeide_1.15.1/plugins/com.st.stm32cube.ide.mcu.externaltools.gnu-tools-for-stm32.12.3.rel1.linux64_1.0.200.202406132123/tools/bin/../lib/gcc/arm-none-eabi/12.3.1/../../../../arm-none-eabi/lib/thumb/v7e-m+fp/hard/crt0.o
LOAD ./Src/Base/Error.o
LOAD ./Src/Base/System.o
LOAD ./Src/Base/Times.o
LOAD ./Src/main.o
LOAD ./Src/syscalls.o
LOAD ./Src/sysmem.o
LOAD ./Startup/startup_stm32g474retx.o
START GROUP
LOAD /home/dawid/st/stm32cubeide_1.15.1/plugins/com.st.stm32cube.ide.mcu.externaltools.gnu-tools-for-stm32.12.3.rel1.linux64_1.0.200.202406132123/tools/bin/../lib/gcc/arm-none-eabi/12.3.1/../../../../arm-none-eabi/lib/thumb/v7e-m+fp/hard/libc_nano.a
LOAD /home/dawid/st/stm32cubeide_1.15.1/plugins/com.st.stm32cube.ide.mcu.externaltools.gnu-tools-for-stm32.12.3.rel1.linux64_1.0.200.202406132123/tools/bin/../lib/gcc/arm-none-eabi/12.3.1/../../../../arm-none-eabi/lib/thumb/v7e-m+fp/hard/libm.a
END GROUP
START GROUP
LOAD /home/dawid/st/stm32cubeide_1.15.1/plugins/com.st.stm32cube.ide.mcu.externaltools.gnu-tools-for-stm32.12.3.rel1.linux64_1.0.200.202406132123/tools/bin/../lib/gcc/arm-none-eabi/12.3.1/thumb/v7e-m+fp/hard/libgcc.a
LOAD /home/dawid/st/stm32cubeide_1.15.1/plugins/com.st.stm32cube.ide.mcu.externaltools.gnu-tools-for-stm32.12.3.rel1.linux64_1.0.200.202406132123/tools/bin/../lib/gcc/arm-none-eabi/12.3.1/../../../../arm-none-eabi/lib/thumb/v7e-m+fp/hard/libc_nano.a
END GROUP
START GROUP
LOAD /home/dawid/st/stm32cubeide_1.15.1/plugins/com.st.stm32cube.ide.mcu.externaltools.gnu-tools-for-stm32.12.3.rel1.linux64_1.0.200.202406132123/tools/bin/../lib/gcc/arm-none-eabi/12.3.1/thumb/v7e-m+fp/hard/libgcc.a
LOAD /home/dawid/st/stm32cubeide_1.15.1/plugins/com.st.stm32cube.ide.mcu.externaltools.gnu-tools-for-stm32.12.3.rel1.linux64_1.0.200.202406132123/tools/bin/../lib/gcc/arm-none-eabi/12.3.1/../../../../arm-none-eabi/lib/thumb/v7e-m+fp/hard/libc_nano.a
LOAD /home/dawid/st/stm32cubeide_1.15.1/plugins/com.st.stm32cube.ide.mcu.externaltools.gnu-tools-for-stm32.12.3.rel1.linux64_1.0.200.202406132123/tools/bin/../lib/gcc/arm-none-eabi/12.3.1/../../../../arm-none-eabi/lib/thumb/v7e-m+fp/hard/libnosys.a
END GROUP
START GROUP
LOAD /home/dawid/st/stm32cubeide_1.15.1/plugins/com.st.stm32cube.ide.mcu.externaltools.gnu-tools-for-stm32.12.3.rel1.linux64_1.0.200.202406132123/tools/bin/../lib/gcc/arm-none-eabi/12.3.1/thumb/v7e-m+fp/hard/libgcc.a
LOAD /home/dawid/st/stm32cubeide_1.15.1/plugins/com.st.stm32cube.ide.mcu.externaltools.gnu-tools-for-stm32.12.3.rel1.linux64_1.0.200.202406132123/tools/bin/../lib/gcc/arm-none-eabi/12.3.1/../../../../arm-none-eabi/lib/thumb/v7e-m+fp/hard/libc_nano.a
LOAD /home/dawid/st/stm32cubeide_1.15.1/plugins/com.st.stm32cube.ide.mcu.externaltools.gnu-tools-for-stm32.12.3.rel1.linux64_1.0.200.202406132123/tools/bin/../lib/gcc/arm-none-eabi/12.3.1/../../../../arm-none-eabi/lib/thumb/v7e-m+fp/hard/libnosys.a
END GROUP
LOAD /home/dawid/st/stm32cubeide_1.15.1/plugins/com.st.stm32cube.ide.mcu.externaltools.gnu-tools-for-stm32.12.3.rel1.linux64_1.0.200.202406132123/tools/bin/../lib/gcc/arm-none-eabi/12.3.1/thumb/v7e-m+fp/hard/crtend.o
LOAD /home/dawid/st/stm32cubeide_1.15.1/plugins/com.st.stm32cube.ide.mcu.externaltools.gnu-tools-for-stm32.12.3.rel1.linux64_1.0.200.202406132123/tools/bin/../lib/gcc/arm-none-eabi/12.3.1/thumb/v7e-m+fp/hard/crtn.o
                0x20020000                        _estack = (ORIGIN (RAM) + LENGTH (RAM))
                0x00000200                        _Min_Heap_Size = 0x200
                0x00000400                        _Min_Stack_Size = 0x400

.isr_vector     0x08000000      0x1d8
                0x08000000                        . = ALIGN (0x4)
 *(.isr_vector)
 .isr_vector    0x08000000      0x1d8 ./Startup/startup_stm32g474retx.o
                0x08000000                g_pfnVectors
                0x080001d8                        . = ALIGN (0x4)

.text           0x080001d8      0x1c0
                0x080001d8                        . = ALIGN (0x4)
 *(.text)
 .text          0x080001d8       0x40 /home/dawid/st/stm32cubeide_1.15.1/plugins/com.st.stm32cube.ide.mcu.externaltools.gnu-tools-for-stm32.12.3.rel1.linux64_1.0.200.202406132123/tools/bin/../lib/gcc/arm-none-eabi/12.3.1/thumb/v7e-m+fp/hard/crtbegin.o
 *(.text*)
 .text.NMI_Handler
                0x08000218       0x18 ./Src/Base/Error.o
                0x08000218                NMI_Handler
 .text.HardFault_Handler
                0x08000230       0x18 ./Src/Base/Error.o
                0x08000230                HardFault_Handler
 .text.MemManage_Handler
                0x08000248       0x18 ./Src/Base/Error.o
                0x08000248                MemManage_Handler
 .text.BusFault_Handler
                0x08000260       0x18 ./Src/Base/Error.o
                0x08000260                BusFault_Handler
 .text.UsageFault_Handler
                0x08000278       0x18 ./Src/Base/Error.o
                0x08000278                UsageFault_Handler
 .text.DebugMon_Handler
                0x08000290       0x18 ./Src/Base/Error.o
                0x08000290                DebugMon_Handler
 .text.System_Init
                0x080002a8        0xc ./Src/Base/System.o
                0x080002a8                System_Init
 .text.System_EnableFPU
                0x080002b4       0x24 ./Src/Base/System.o
                0x080002b4                System_EnableFPU
 .text.main     0x080002d8        0xc ./Src/main.o
                0x080002d8                main
 .text.Reset_Handler
                0x080002e4       0x50 ./Startup/startup_stm32g474retx.o
                0x080002e4                Reset_Handler
 .text.Default_Handler
                0x08000334        0x2 ./Startup/startup_stm32g474retx.o
                0x08000334                EXTI2_IRQHandler
                0x08000334                TIM8_TRG_COM_IRQHandler
                0x08000334                TIM8_CC_IRQHandler
                0x08000334                DMA2_CH8_IRQHandler
                0x08000334                DMA1_CH4_IRQHandler
                0x08000334                SPI4_IRQHandler
                0x08000334                HRTIM_TIM_FLT_IRQn_IRQHandler
                0x08000334                FDCAN3_IT0_IRQHandler
                0x08000334                TIM1_CC_IRQHandler
                0x08000334                Cordic_IRQHandler
                0x08000334                USB_HP_IRQHandler
                0x08000334                SysTick_Handler
                0x08000334                PendSV_Handler
                0x08000334                HRTIM_TIMD_IRQn_IRQHandler
                0x08000334                EXTI3_IRQHandler
                0x08000334                I2C3_ER_IRQHandler
                0x08000334                HRTIM_Master_IRQn_IRQHandler
                0x08000334                DMA1_CH8_IRQHandler
                0x08000334                TIM6_DACUNDER_IRQHandler
                0x08000334                EXTI0_IRQHandler
                0x08000334                I2C2_EV_IRQHandler
                0x08000334                DMA2_CH1_IRQHandler
                0x08000334                FPU_IRQHandler
                0x08000334                FDCAN1_IT1_IRQHandler
                0x08000334                TIM1_UP_TIM16_IRQHandler
                0x08000334                DMA2_CH7_IRQHandler
                0x08000334                ADC1_2_IRQHandler
                0x08000334                SPI1_IRQHandler
                0x08000334                DMA1_CH7_IRQHandler
                0x08000334                HRTIM_TIMB_IRQn_IRQHandler
                0x08000334                TIM8_UP_IRQHandler
                0x08000334                USBWakeUP_IRQHandler
                0x08000334                RTC_ALARM_IRQHandler
                0x08000334                DMA1_CH6_IRQHandler
                0x08000334                TIM20_TRG_COM_IRQHandler
                0x08000334                USART3_IRQHandler
                0x08000334                LPUART_IRQHandler
                0x08000334                UART5_IRQHandler
                0x08000334                ADC3_IRQHandler
                0x08000334                TIM4_IRQHandler
                0x08000334                QUADSPI_IRQHandler
                0x08000334                I2C1_EV_IRQHandler
                0x08000334                DMA2_CH5_IRQHandler
                0x08000334                UART4_IRQHandler
                0x08000334                DMA1_CH3_IRQHandler
                0x08000334                TIM3_IRQHandler
                0x08000334                RCC_IRQHandler
                0x08000334                TIM20_UP_IRQHandler
                0x08000334                TIM1_TRG_COM_IRQHandler
                0x08000334                Default_Handler
                0x08000334                FMAC_IRQHandler
                0x08000334                EXTI15_10_IRQHandler
                0x08000334                TIM7_IRQHandler
                0x08000334                FDCAN3_IT1_IRQHandler
                0x08000334                TIM5_IRQHandler
                0x08000334                UCPD1_IRQHandler
                0x08000334                I2C3_EV_IRQHandler
                0x08000334                EXTI9_5_IRQHandler
                0x08000334                DMA1_CH2_IRQHandler
                0x08000334                RTC_WKUP_IRQHandler
                0x08000334                SAI_IRQHandler
                0x08000334                PVD_PVM_IRQHandler
                0x08000334                SPI2_IRQHandler
                0x08000334                DMA1_CH1_IRQHandler
                0x08000334                ADC5_IRQHandler
                0x08000334                SVC_Handler
                0x08000334                CRS_IRQHandler
                0x08000334                USB_LP_IRQHandler
                0x08000334                EXTI4_IRQHandler
                0x08000334                RNG_IRQHandler
                0x08000334                FDCAN2_IT1_IRQHandler
                0x08000334                HRTIM_TIMF_IRQn_IRQHandler
                0x08000334                ADC4_IRQHandler
                0x08000334                HRTIM_TIMA_IRQn_IRQHandler
                0x08000334                WWDG_IRQHandler
                0x08000334                I2C4_EV_IRQHandler
                0x08000334                FDCAN2_IT0_IRQHandler
                0x08000334                FDCAN1_IT0_IRQHandler
                0x08000334                TIM2_IRQHandler
                0x08000334                COMP7_IRQHandler
                0x08000334                COMP1_2_3_IRQHandler
                0x08000334                EXTI1_IRQHandler
                0x08000334                HRTIM_TIMC_IRQn_IRQHandler
                0x08000334                USART2_IRQHandler
                0x08000334                COMP4_5_6_IRQHandler
                0x08000334                TIM20_BRK_IRQHandler
                0x08000334                I2C2_ER_IRQHandler
                0x08000334                TIM8_BRK_IRQHandler
                0x08000334                FLASH_IRQHandler
                0x08000334                TIM20_CC_IRQHandler
                0x08000334                USART1_IRQHandler
                0x08000334                SPI3_IRQHandler
                0x08000334                DMA2_CH6_IRQHandler
                0x08000334                DMA2_CH3_IRQHandler
                0x08000334                DMA2_CH2_IRQHandler
                0x08000334                I2C1_ER_IRQHandler
                0x08000334                FMC_IRQHandler
                0x08000334                DMA1_CH5_IRQHandler
                0x08000334                DMA2_CH4_IRQHandler
                0x08000334                LPTIM1_IRQHandler
                0x08000334                DMAMUX_OVR_IRQHandler
                0x08000334                I2C4_ER_IRQHandler
                0x08000334                HRTIM_TIME_IRQn_IRQHandler
                0x08000334                RTC_TAMP_CSS_LSE_IRQHandler
                0x08000334                TIM1_BRK_TIM15_IRQHandler
 *fill*         0x08000336        0x2 
 .text.__libc_init_array
                0x08000338       0x48 /home/dawid/st/stm32cubeide_1.15.1/plugins/com.st.stm32cube.ide.mcu.externaltools.gnu-tools-for-stm32.12.3.rel1.linux64_1.0.200.202406132123/tools/bin/../lib/gcc/arm-none-eabi/12.3.1/../../../../arm-none-eabi/lib/thumb/v7e-m+fp/hard/libc_nano.a(libc_a-init.o)
                0x08000338                __libc_init_array
 *(.glue_7)
 .glue_7        0x08000380        0x0 linker stubs
 *(.glue_7t)
 .glue_7t       0x08000380        0x0 linker stubs
 *(.eh_frame)
 .eh_frame      0x08000380        0x0 /home/dawid/st/stm32cubeide_1.15.1/plugins/com.st.stm32cube.ide.mcu.externaltools.gnu-tools-for-stm32.12.3.rel1.linux64_1.0.200.202406132123/tools/bin/../lib/gcc/arm-none-eabi/12.3.1/thumb/v7e-m+fp/hard/crtbegin.o
 *(.init)
 .init          0x08000380        0x4 /home/dawid/st/stm32cubeide_1.15.1/plugins/com.st.stm32cube.ide.mcu.externaltools.gnu-tools-for-stm32.12.3.rel1.linux64_1.0.200.202406132123/tools/bin/../lib/gcc/arm-none-eabi/12.3.1/thumb/v7e-m+fp/hard/crti.o
                0x08000380                _init
 .init          0x08000384        0x8 /home/dawid/st/stm32cubeide_1.15.1/plugins/com.st.stm32cube.ide.mcu.externaltools.gnu-tools-for-stm32.12.3.rel1.linux64_1.0.200.202406132123/tools/bin/../lib/gcc/arm-none-eabi/12.3.1/thumb/v7e-m+fp/hard/crtn.o
 *(.fini)
 .fini          0x0800038c        0x4 /home/dawid/st/stm32cubeide_1.15.1/plugins/com.st.stm32cube.ide.mcu.externaltools.gnu-tools-for-stm32.12.3.rel1.linux64_1.0.200.202406132123/tools/bin/../lib/gcc/arm-none-eabi/12.3.1/thumb/v7e-m+fp/hard/crti.o
                0x0800038c                _fini
 .fini          0x08000390        0x8 /home/dawid/st/stm32cubeide_1.15.1/plugins/com.st.stm32cube.ide.mcu.externaltools.gnu-tools-for-stm32.12.3.rel1.linux64_1.0.200.202406132123/tools/bin/../lib/gcc/arm-none-eabi/12.3.1/thumb/v7e-m+fp/hard/crtn.o
                0x08000398                        . = ALIGN (0x4)
                0x08000398                        _etext = .

.vfp11_veneer   0x08000398        0x0
 .vfp11_veneer  0x08000398        0x0 linker stubs

.v4_bx          0x08000398        0x0
 .v4_bx         0x08000398        0x0 linker stubs

.iplt           0x08000398        0x0
 .iplt          0x08000398        0x0 /home/dawid/st/stm32cubeide_1.15.1/plugins/com.st.stm32cube.ide.mcu.externaltools.gnu-tools-for-stm32.12.3.rel1.linux64_1.0.200.202406132123/tools/bin/../lib/gcc/arm-none-eabi/12.3.1/thumb/v7e-m+fp/hard/crtbegin.o

.rodata         0x08000398        0x0
                0x08000398                        . = ALIGN (0x4)
 *(.rodata)
 *(.rodata*)
                0x08000398                        . = ALIGN (0x4)

.ARM.extab      0x08000398        0x0
                0x08000398                        . = ALIGN (0x4)
 *(.ARM.extab* .gnu.linkonce.armextab.*)
                0x08000398                        . = ALIGN (0x4)

.ARM            0x08000398        0x0
                0x08000398                        . = ALIGN (0x4)
                0x08000398                        __exidx_start = .
 *(.ARM.exidx*)
                0x08000398                        __exidx_end = .
                0x08000398                        . = ALIGN (0x4)

.preinit_array  0x08000398        0x0
                0x08000398                        . = ALIGN (0x4)
                0x08000398                        PROVIDE (__preinit_array_start = .)
 *(.preinit_array*)
                0x08000398                        PROVIDE (__preinit_array_end = .)
                0x08000398                        . = ALIGN (0x4)

.init_array     0x08000398        0x4
                0x08000398                        . = ALIGN (0x4)
                0x08000398                        PROVIDE (__init_array_start = .)
 *(SORT_BY_NAME(.init_array.*))
 *(.init_array*)
 .init_array    0x08000398        0x4 /home/dawid/st/stm32cubeide_1.15.1/plugins/com.st.stm32cube.ide.mcu.externaltools.gnu-tools-for-stm32.12.3.rel1.linux64_1.0.200.202406132123/tools/bin/../lib/gcc/arm-none-eabi/12.3.1/thumb/v7e-m+fp/hard/crtbegin.o
                0x0800039c                        PROVIDE (__init_array_end = .)
                0x0800039c                        . = ALIGN (0x4)

.fini_array     0x0800039c        0x4
                0x0800039c                        . = ALIGN (0x4)
                [!provide]                        PROVIDE (__fini_array_start = .)
 *(SORT_BY_NAME(.fini_array.*))
 *(.fini_array*)
 .fini_array    0x0800039c        0x4 /home/dawid/st/stm32cubeide_1.15.1/plugins/com.st.stm32cube.ide.mcu.externaltools.gnu-tools-for-stm32.12.3.rel1.linux64_1.0.200.202406132123/tools/bin/../lib/gcc/arm-none-eabi/12.3.1/thumb/v7e-m+fp/hard/crtbegin.o
                [!provide]                        PROVIDE (__fini_array_end = .)
                0x080003a0                        . = ALIGN (0x4)
                0x080003a0                        _sidata = LOADADDR (.data)

.rel.dyn        0x080003a0        0x0
 .rel.iplt      0x080003a0        0x0 /home/dawid/st/stm32cubeide_1.15.1/plugins/com.st.stm32cube.ide.mcu.externaltools.gnu-tools-for-stm32.12.3.rel1.linux64_1.0.200.202406132123/tools/bin/../lib/gcc/arm-none-eabi/12.3.1/thumb/v7e-m+fp/hard/crtbegin.o

.data           0x20000000        0x0 load address 0x080003a0
                0x20000000                        . = ALIGN (0x4)
                0x20000000                        _sdata = .
 *(.data)
 *(.data*)
 *(.RamFunc)
 *(.RamFunc*)
                0x20000000                        . = ALIGN (0x4)
                0x20000000                        _edata = .
                0x080003a0                        _siccmsram = LOADADDR (.ccmsram)

.igot.plt       0x20000000        0x0 load address 0x080003a0
 .igot.plt      0x20000000        0x0 /home/dawid/st/stm32cubeide_1.15.1/plugins/com.st.stm32cube.ide.mcu.externaltools.gnu-tools-for-stm32.12.3.rel1.linux64_1.0.200.202406132123/tools/bin/../lib/gcc/arm-none-eabi/12.3.1/thumb/v7e-m+fp/hard/crtbegin.o

.ccmsram        0x10000000        0x0 load address 0x080003a0
                0x10000000                        . = ALIGN (0x4)
                0x10000000                        _sccmsram = .
 *(.ccmsram)
 *(.ccmsram*)
                0x10000000                        . = ALIGN (0x4)
                0x10000000                        _eccmsram = .
                0x10000000                        . = ALIGN (0x4)

.bss            0x20000000       0x1c
                0x20000000                        _sbss = .
                0x20000000                        __bss_start__ = _sbss
 *(.bss)
 .bss           0x20000000       0x1c /home/dawid/st/stm32cubeide_1.15.1/plugins/com.st.stm32cube.ide.mcu.externaltools.gnu-tools-for-stm32.12.3.rel1.linux64_1.0.200.202406132123/tools/bin/../lib/gcc/arm-none-eabi/12.3.1/thumb/v7e-m+fp/hard/crtbegin.o
 *(.bss*)
 *(COMMON)
                0x2000001c                        . = ALIGN (0x4)
                0x2000001c                        _ebss = .
                0x2000001c                        __bss_end__ = _ebss

._user_heap_stack
                0x2000001c      0x604
                0x20000020                        . = ALIGN (0x8)
 *fill*         0x2000001c        0x4 
                [!provide]                        PROVIDE (end = .)
                0x20000020                        PROVIDE (_end = .)
                0x20000220                        . = (. + _Min_Heap_Size)
 *fill*         0x20000020      0x200 
                0x20000620                        . = (. + _Min_Stack_Size)
 *fill*         0x20000220      0x400 
                0x20000620                        . = ALIGN (0x8)

/DISCARD/
 libc.a(*)
 libm.a(*)
 libgcc.a(*)

.ARM.attributes
                0x00000000       0x30
 *(.ARM.attributes)
 .ARM.attributes
                0x00000000       0x22 /home/dawid/st/stm32cubeide_1.15.1/plugins/com.st.stm32cube.ide.mcu.externaltools.gnu-tools-for-stm32.12.3.rel1.linux64_1.0.200.202406132123/tools/bin/../lib/gcc/arm-none-eabi/12.3.1/thumb/v7e-m+fp/hard/crti.o
 .ARM.attributes
                0x00000022       0x34 /home/dawid/st/stm32cubeide_1.15.1/plugins/com.st.stm32cube.ide.mcu.externaltools.gnu-tools-for-stm32.12.3.rel1.linux64_1.0.200.202406132123/tools/bin/../lib/gcc/arm-none-eabi/12.3.1/thumb/v7e-m+fp/hard/crtbegin.o
 .ARM.attributes
                0x00000056       0x34 ./Src/Base/Error.o
 .ARM.attributes
                0x0000008a       0x34 ./Src/Base/System.o
 .ARM.attributes
                0x000000be       0x34 ./Src/main.o
 .ARM.attributes
                0x000000f2       0x21 ./Startup/startup_stm32g474retx.o
 .ARM.attributes
                0x00000113       0x34 /home/dawid/st/stm32cubeide_1.15.1/plugins/com.st.stm32cube.ide.mcu.externaltools.gnu-tools-for-stm32.12.3.rel1.linux64_1.0.200.202406132123/tools/bin/../lib/gcc/arm-none-eabi/12.3.1/../../../../arm-none-eabi/lib/thumb/v7e-m+fp/hard/libc_nano.a(libc_a-init.o)
 .ARM.attributes
                0x00000147       0x22 /home/dawid/st/stm32cubeide_1.15.1/plugins/com.st.stm32cube.ide.mcu.externaltools.gnu-tools-for-stm32.12.3.rel1.linux64_1.0.200.202406132123/tools/bin/../lib/gcc/arm-none-eabi/12.3.1/thumb/v7e-m+fp/hard/crtn.o
OUTPUT(actuator_BM.elf elf32-littlearm)
LOAD linker stubs
LOAD /home/dawid/st/stm32cubeide_1.15.1/plugins/com.st.stm32cube.ide.mcu.externaltools.gnu-tools-for-stm32.12.3.rel1.linux64_1.0.200.202406132123/tools/bin/../lib/gcc/arm-none-eabi/12.3.1/../../../../arm-none-eabi/lib/thumb/v7e-m+fp/hard/libc.a
LOAD /home/dawid/st/stm32cubeide_1.15.1/plugins/com.st.stm32cube.ide.mcu.externaltools.gnu-tools-for-stm32.12.3.rel1.linux64_1.0.200.202406132123/tools/bin/../lib/gcc/arm-none-eabi/12.3.1/../../../../arm-none-eabi/lib/thumb/v7e-m+fp/hard/libm.a
LOAD /home/dawid/st/stm32cubeide_1.15.1/plugins/com.st.stm32cube.ide.mcu.externaltools.gnu-tools-for-stm32.12.3.rel1.linux64_1.0.200.202406132123/tools/bin/../lib/gcc/arm-none-eabi/12.3.1/thumb/v7e-m+fp/hard/libgcc.a

.debug_info     0x00000000      0x5af
 .debug_info    0x00000000      0x25d ./Src/Base/Error.o
 .debug_info    0x0000025d      0x277 ./Src/Base/System.o
 .debug_info    0x000004d4       0xab ./Src/main.o
 .debug_info    0x0000057f       0x30 ./Startup/startup_stm32g474retx.o

.debug_abbrev   0x00000000      0x1d0
 .debug_abbrev  0x00000000       0x81 ./Src/Base/Error.o
 .debug_abbrev  0x00000081       0xd1 ./Src/Base/System.o
 .debug_abbrev  0x00000152       0x5a ./Src/main.o
 .debug_abbrev  0x000001ac       0x24 ./Startup/startup_stm32g474retx.o

.debug_aranges  0x00000000       0xc0
 .debug_aranges
                0x00000000       0x50 ./Src/Base/Error.o
 .debug_aranges
                0x00000050       0x28 ./Src/Base/System.o
 .debug_aranges
                0x00000078       0x20 ./Src/main.o
 .debug_aranges
                0x00000098       0x28 ./Startup/startup_stm32g474retx.o

.debug_rnglists
                0x00000000       0x7c
 .debug_rnglists
                0x00000000       0x37 ./Src/Base/Error.o
 .debug_rnglists
                0x00000037       0x19 ./Src/Base/System.o
 .debug_rnglists
                0x00000050       0x13 ./Src/main.o
 .debug_rnglists
                0x00000063       0x19 ./Startup/startup_stm32g474retx.o

.debug_macro    0x00000000    0x1be01
 .debug_macro   0x00000000      0x1da ./Src/Base/Error.o
 .debug_macro   0x000001da      0xaba ./Src/Base/Error.o
 .debug_macro   0x00000c94       0x28 ./Src/Base/Error.o
 .debug_macro   0x00000cbc       0x22 ./Src/Base/Error.o
 .debug_macro   0x00000cde       0x8e ./Src/Base/Error.o
 .debug_macro   0x00000d6c       0x51 ./Src/Base/Error.o
 .debug_macro   0x00000dbd      0x103 ./Src/Base/Error.o
 .debug_macro   0x00000ec0       0x6a ./Src/Base/Error.o
 .debug_macro   0x00000f2a      0x1df ./Src/Base/Error.o
 .debug_macro   0x00001109       0x1c ./Src/Base/Error.o
 .debug_macro   0x00001125       0x22 ./Src/Base/Error.o
 .debug_macro   0x00001147       0xfb ./Src/Base/Error.o
 .debug_macro   0x00001242     0x1011 ./Src/Base/Error.o
 .debug_macro   0x00002253      0x11f ./Src/Base/Error.o
 .debug_macro   0x00002372    0x18b8c ./Src/Base/Error.o
 .debug_macro   0x0001aefe       0x61 ./Src/Base/Error.o
 .debug_macro   0x0001af5f       0x2a ./Src/Base/Error.o
 .debug_macro   0x0001af89       0x43 ./Src/Base/Error.o
 .debug_macro   0x0001afcc       0x34 ./Src/Base/Error.o
 .debug_macro   0x0001b000      0x189 ./Src/Base/Error.o
 .debug_macro   0x0001b189       0x16 ./Src/Base/Error.o
 .debug_macro   0x0001b19f       0x43 ./Src/Base/Error.o
 .debug_macro   0x0001b1e2       0x34 ./Src/Base/Error.o
 .debug_macro   0x0001b216       0x10 ./Src/Base/Error.o
 .debug_macro   0x0001b226       0x58 ./Src/Base/Error.o
 .debug_macro   0x0001b27e       0x8e ./Src/Base/Error.o
 .debug_macro   0x0001b30c       0x1c ./Src/Base/Error.o
 .debug_macro   0x0001b328      0x177 ./Src/Base/Error.o
 .debug_macro   0x0001b49f      0x369 ./Src/Base/Error.o
 .debug_macro   0x0001b808       0x10 ./Src/Base/Error.o
 .debug_macro   0x0001b818       0x35 ./Src/Base/Error.o
 .debug_macro   0x0001b84d       0x20 ./Src/Base/Error.o
 .debug_macro   0x0001b86d       0x22 ./Src/Base/Error.o
 .debug_macro   0x0001b88f      0x19b ./Src/Base/Error.o
 .debug_macro   0x0001ba2a      0x1d6 ./Src/Base/System.o
 .debug_macro   0x0001bc00      0x1f1 ./Src/main.o
 .debug_macro   0x0001bdf1       0x10 ./Src/main.o

.debug_line     0x00000000     0x173b
 .debug_line    0x00000000      0x8a2 ./Src/Base/Error.o
 .debug_line    0x000008a2      0x6dc ./Src/Base/System.o
 .debug_line    0x00000f7e      0x742 ./Src/main.o
 .debug_line    0x000016c0       0x7b ./Startup/startup_stm32g474retx.o

.debug_str      0x00000000    0xa166e
 .debug_str     0x00000000    0xa152f ./Src/Base/Error.o
                              0xa1748 (size before relaxing)
 .debug_str     0x000a152f       0xe4 ./Src/Base/System.o
                              0xa1779 (size before relaxing)
 .debug_str     0x000a1613       0x1c ./Src/main.o
                              0xa170e (size before relaxing)
 .debug_str     0x000a162f       0x3f ./Startup/startup_stm32g474retx.o
                                 0x93 (size before relaxing)

.comment        0x00000000       0x43
 .comment       0x00000000       0x43 ./Src/Base/Error.o
                                 0x44 (size before relaxing)
 .comment       0x00000043       0x44 ./Src/Base/System.o
 .comment       0x00000043       0x44 ./Src/main.o

.debug_frame    0x00000000      0x15c
 .debug_frame   0x00000000       0xb8 ./Src/Base/Error.o
 .debug_frame   0x000000b8       0x4c ./Src/Base/System.o
 .debug_frame   0x00000104       0x2c ./Src/main.o
 .debug_frame   0x00000130       0x2c /home/dawid/st/stm32cubeide_1.15.1/plugins/com.st.stm32cube.ide.mcu.externaltools.gnu-tools-for-stm32.12.3.rel1.linux64_1.0.200.202406132123/tools/bin/../lib/gcc/arm-none-eabi/12.3.1/../../../../arm-none-eabi/lib/thumb/v7e-m+fp/hard/libc_nano.a(libc_a-init.o)

.debug_line_str
                0x00000000       0x77
 .debug_line_str
                0x00000000       0x77 ./Startup/startup_stm32g474retx.o
