../Core/Src/main.c:44:13:MAIN_LOGF	144	static
../Core/Src/main.c:56:17:len_to_fdcan_dlc	16	static
../Core/Src/main.c:71:16:fdcan_dlc_to_len	16	static
../Core/Src/main.c:87:6:HAL_FDCAN_ErrorStatusCallback	24	static
../Core/Src/main.c:112:13:my_can_send	72	static
../Core/Src/main.c:143:13:my_can_recv	72	static
../Core/Src/main.c:168:13:my_get_time	32	static
../Core/Src/main.c:191:13:app_on_sync	16	static
../Core/Src/main.c:192:13:app_on_running	8	static
../Core/Src/main.c:193:13:app_on_stopped	8	static
../Core/Src/main.c:194:13:app_on_tpdo	8	static
../Core/Src/main.c:202:5:main	64	static
../Core/Src/main.c:250:6:SystemClock_Config	88	static
../Core/Src/main.c:277:6:Error_Handler	4	static,ignoring_inline_asm
